[rn53themes.net/themes/matrimo/admin/dashboard.html]
[backblue.gif]
[fade.gif]
[index.html]
[rn53themes.net/themes/matrimo/admin/images/logo.png]
[rn53themes.net/themes/matrimo/admin/admin-all-users.html]
[rn53themes.net/themes/matrimo/admin/admin-price.html]
[rn53themes.net/themes/matrimo/admin/admin-all-payments.html]
[rn53themes.net/themes/matrimo/admin/admin-enquiry.html]
[rn53themes.net/themes/matrimo/admin/admin-setting.html]
[rn53themes.net/themes/matrimo/admin/seo-google-analytics-code.html]
[rn53themes.net/themes/matrimo/admin/admin-profile-filters.html]
[rn53themes.net/themes/matrimo/admin/admin-export.html]
[rn53themes.net/themes/matrimo/admin/admin-new-user-requests.html]
[rn53themes.net/themes/matrimo/admin/admin-free-users.html]
[rn53themes.net/themes/matrimo/admin/admin-gold-users.html]
[rn53themes.net/themes/matrimo/admin/admin-platinum-users.html]
[rn53themes.net/themes/matrimo/admin/admin-add-new-user.html]
[rn53themes.net/themes/matrimo/admin/admin-meta.html]
[rn53themes.net/themes/matrimo/admin/seo-xml-sitemap.html]
[rn53themes.net/themes/matrimo/admin/admin-payment-credentials.html]
[rn53themes.net/themes/matrimo/admin/admin-logo.html]
[rn53themes.net/themes/matrimo/admin/color-settings.html]
[rn53themes.net/themes/matrimo/admin/media-library.html]
[rn53themes.net/themes/matrimo/admin/admin-home-search.html]
[rn53themes.net/themes/matrimo/admin/admin-home-services.html]
[rn53themes.net/themes/matrimo/admin/admin-home-reviews.html]
[rn53themes.net/themes/matrimo/admin/admin-home-recent-couples.html]
[rn53themes.net/themes/matrimo/admin/admin-home-meet-team.html]
[rn53themes.net/themes/matrimo/admin/admin-photo-gallery.html]
[rn53themes.net/themes/matrimo/admin/admin-home-blogs.html]
[rn53themes.net/themes/matrimo/admin/admin-all-static-page.html]
[rn53themes.net/themes/matrimo/admin/admin-all-text-update.html]
[rn53themes.net/themes/matrimo/admin/admin-footer.html]
[rn53themes.net/themes/matrimo/admin/admin-dummy-images.html]
[rn53themes.net/themes/matrimo/admin/admin-all-mail.html]
[rn53themes.net/themes/matrimo/admin/activate.html]
[rn53themes.net/themes/matrimo/admin/updates.html]
[rn53themes.net/themes/matrimo/admin/logout.27.delayed]
[rn53themes.net/themes/matrimo/images/profiles/1.jpg]
[rn53themes.net/themes/matrimo/images/profiles/10.jpg]
[rn53themes.net/themes/matrimo/images/profiles/11.jpg]
[rn53themes.net/themes/matrimo/images/profiles/12.jpg]
[rn53themes.net/themes/matrimo/images/profiles/13.jpg]
[rn53themes.net/themes/matrimo/images/profiles/14.jpg]
[rn53themes.net/themes/matrimo/images/profiles/15.jpg]
[rn53themes.net/themes/matrimo/images/profiles/16.jpg]
[rn53themes.net/themes/matrimo/images/profiles/3.jpg]
[rn53themes.net/themes/matrimo/images/profiles/4.jpg]
[rn53themes.net/themes/matrimo/images/profiles/6.jpg]
[rn53themes.net/themes/matrimo/images/profiles/7.jpg]
[rn53themes.net/themes/matrimo/images/profiles/men3.jpg]
[rn53themes.net/themes/matrimo/images/profiles/9.jpg]
[rn53themes.net/themes/matrimo/images/profiles/men1.jpg]
[rn53themes.net/themes/matrimo/images/profiles/men2.jpg]
[rn53themes.net/themes/matrimo/js/jquery.min.js]
[rn53themes.net/themes/matrimo/js/popper.min.js]
[rn53themes.net/themes/matrimo/js/bootstrap.min.js]
[rn53themes.net/themes/matrimo/js/select-opt.js]
[rn53themes.net/themes/matrimo/admin/js/chart.js]
[rn53themes.net/themes/matrimo/admin/js/admin-custom.js]
[rn53themes.net/themes/matrimo/admin/dashboard.html]
[rn53themes.net/themes/matrimo/css/bootstrap.css]
[rn53themes.net/themes/matrimo/css/font-awesome.min.css]
[rn53themes.net/themes/matrimo/css/animate.min.css]
[rn53themes.net/themes/matrimo/images/leaf/5.png]
[rn53themes.net/themes/matrimo/images/leaf/8.png]
[bizbookdirectorytemplate.com/admin/images/icons/1.png]
[rn53themes.net/themes/matrimo/admin/images/worldmap.png]
[rn53themes.net/themes/matrimo/admin/images/icons/update.png]
[rn53themes.net/themes/matrimo/admin/images/icon/chosen-sprite.43.delayed]
[rn53themes.net/themes/matrimo/admin/images/login-bg.44.delayed]
[rn53themes.net/themes/matrimo/admin/css/admin-style.css]
[rn53themes.net/themes/matrimo/admin/admin-settings.45.delayed]
[rn53themes.net/themes/matrimo/admin/admin-all-users.html]
[rn53themes.net/themes/matrimo/admin/admin-price.html]
[rn53themes.net/themes/matrimo/js/jquery-ui.js]
[rn53themes.net/themes/matrimo/admin/admin-all-payments.html]
[rn53themes.net/themes/matrimo/admin/admin-invoice-create.48.delayed]
[rn53themes.net/themes/matrimo/admin/admin-send-invoice.49.delayed]
[rn53themes.net/themes/matrimo/admin/ckeditor/ckeditor.js]
[rn53themes.net/themes/matrimo/admin/page_text.4b.delayed]
[rn53themes.net/themes/matrimo/admin/admin-enquiry.html]
[rn53themes.net/themes/matrimo/admin/index.html]
[rn53themes.net/themes/matrimo/admin/admin-setting.html]
[rn53themes.net/themes/matrimo/admin/seo-google-analytics-code.html]
[rn53themes.net/themes/matrimo/admin/admin-profile-filters.html]
[rn53themes.net/themes/matrimo/admin/admin-export.html]
[rn53themes.net/themes/matrimo/admin/admin-new-user-requests.html]
[rn53themes.net/themes/matrimo/admin/admin-free-users.html]
[rn53themes.net/themes/matrimo/admin/admin-gold-users.html]
[rn53themes.net/themes/matrimo/admin/admin-platinum-users.html]
[rn53themes.net/themes/matrimo/admin/admin-add-new-user.html]
[rn53themes.net/themes/matrimo/admin/admin-meta.html]
[rn53themes.net/themes/matrimo/admin/seo-xml-sitemap.html]
[rn53themes.net/themes/matrimo/admin/admin-payment-credentials.html]
[rn53themes.net/themes/matrimo/admin/admin-logo.html]
[rn53themes.net/themes/matrimo/admin/color-settings.html]
[rn53themes.net/themes/matrimo/images/couples/1.jpg]
[rn53themes.net/themes/matrimo/admin/media-library.html]
[rn53themes.net/themes/matrimo/admin/admin-home-search.html]
[rn53themes.net/themes/matrimo/admin/admin-home-services.html]
[rn53themes.net/themes/matrimo/admin/admin-home-reviews.html]
[rn53themes.net/themes/matrimo/images/couples/10.jpg]
[rn53themes.net/themes/matrimo/admin/admin-home-recent-couples.html]
[rn53themes.net/themes/matrimo/admin/admin-home-meet-team.html]
[rn53themes.net/themes/matrimo/images/gallery/3.jpg]
[rn53themes.net/themes/matrimo/images/gallery/4.jpg]
[rn53themes.net/themes/matrimo/admin/admin-photo-gallery.html]
[rn53themes.net/themes/matrimo/admin/admin-home-blogs.html]
[rn53themes.net/themes/matrimo/admin/admin-all-static-page.html]
[rn53themes.net/themes/matrimo/admin/admin-all-text-update.html]
[rn53themes.net/themes/matrimo/admin/about-us.51.delayed]
[rn53themes.net/themes/matrimo/admin/feedback.52.delayed]
[rn53themes.net/themes/matrimo/admin/testimonials.53.delayed]
[rn53themes.net/themes/matrimo/admin/contact-us.54.delayed]
[rn53themes.net/themes/matrimo/admin/faq.55.delayed]
[rn53themes.net/themes/matrimo/admin/admin-footer.html]
[rn53themes.net/themes/matrimo/images/profiles/2.jpg]
[rn53themes.net/themes/matrimo/images/login-couple.png]
[rn53themes.net/themes/matrimo/admin/admin-dummy-images.html]
[rn53themes.net/themes/matrimo/admin/admin-all-mail.html]
[rn53themes.net/themes/matrimo/admin/activate.html]
[rn53themes.net/themes/matrimo/admin/updates.html]
[rn53themes.net/themes/matrimo/admin/logout.html]
[rn53themes.net/themes/matrimo/admin/images/icon/chosen-sprite.html]
[rn53themes.net/themes/matrimo/admin/images/login-bg.html]
[rn53themes.net/themes/matrimo/admin/admin-settings.html]
[rn53themes.net/themes/matrimo/css/images/ui-icons_444444_256x240.58.delayed]
[rn53themes.net/themes/matrimo/css/images/ui-icons_555555_256x240.59.delayed]
[rn53themes.net/themes/matrimo/css/images/ui-icons_ffffff_256x240.5a.delayed]
[rn53themes.net/themes/matrimo/css/images/ui-icons_777620_256x240.5b.delayed]
[rn53themes.net/themes/matrimo/css/images/ui-icons_cc0000_256x240.5c.delayed]
[rn53themes.net/themes/matrimo/css/images/ui-icons_777777_256x240.5d.delayed]
[rn53themes.net/themes/matrimo/css/jquery-ui.css]
[rn53themes.net/themes/matrimo/admin/admin-invoice-create.html]
[rn53themes.net/themes/matrimo/admin/admin-send-invoice.html]
[rn53themes.net/themes/matrimo/admin/page_text.html]
[rn53themes.net/themes/matrimo/admin/index.html]
[rn53themes.net/themes/matrimo/admin/about-us.html]
[rn53themes.net/themes/matrimo/admin/feedback.html]
[rn53themes.net/themes/matrimo/admin/testimonials.html]
[rn53themes.net/themes/matrimo/admin/contact-us.html]
[rn53themes.net/themes/matrimo/admin/faq.html]
[rn53themes.net/themes/matrimo/css/images/ui-icons_444444_256x240.html]
[rn53themes.net/themes/matrimo/css/images/ui-icons_555555_256x240.html]
[rn53themes.net/themes/matrimo/css/images/ui-icons_ffffff_256x240.html]
[rn53themes.net/themes/matrimo/css/images/ui-icons_777620_256x240.html]
[rn53themes.net/themes/matrimo/css/images/ui-icons_cc0000_256x240.html]
[rn53themes.net/themes/matrimo/css/images/ui-icons_777777_256x240.html]
